[
{"John,Doe,jefferson st.,Riverside,NJ":"Jack,McGinnis,hobo Av.,Phila,PA"},
{"John,Doe,jefferson st.,Riverside,NJ":"John Da Man,Repici,Jefferson St.,Riverside,NJ"}
]
